
> muskan-portfolio@0.1.0 build
> next build

Γû▓ Next.js 16.2.1 (Turbopack)

  Creating an optimized production build ...
Γ£ô Compiled successfully in 33.6s
  Running TypeScript ...
  Finished TypeScript in 26.4s ...
  Collecting page data using 3 workers ...
  Generating static pages using 3 workers (0/3) ...
Γ£ô Generating static pages using 3 workers (3/3) in 270ms
  Finalizing page optimization ...

Route (app)
Γöî Γùï /
Γöö Γùï /_not-found


Γùï  (Static)  prerendered as static content

